// Jest Snapshot v1, https://goo.gl/fbAQLP

exports[`ImageGrid component renders images 1`] = `
<div
  className="div"
>
  <img
    key="1"
    src="https://unsplash.com/photos/yC-Yzbqy7PY"
  />
  <img
    key="2"
    src="https://unsplash.com/photos/LNRyGwIJr5c"
  />
  <img
    key="3"
    src="https://unsplash.com/photos/6J--NXulQCs"
  />
  <img
    key="4"
    src="https://unsplash.com/photos/pwaaqfoMibI"
  />
</div>
`;
