// Jest Snapshot v1, https://goo.gl/fbAQLP

exports[`PartnersList component renders partners list 1`] = `
<ul>
  <li
    key="12434"
  >
    <PartnerItem
      partner={
        Object {
          "id": 12434,
          "name": "pavel artist",
        }
      }
    />
  </li>
  <li
    key="43241"
  >
    <PartnerItem
      partner={
        Object {
          "id": 43241,
          "name": "jon artists",
        }
      }
    />
  </li>
</ul>
`;
